# Format:
# module:released-version:current-version

google-cloud-foo:0.0.0:0.0.1-SNAPSHOT
proto-google-cloud-foo-v1:0.0.0:0.0.1-SNAPSHOT
grpc-google-cloud-foo-v1:0.0.0:0.0.1-SNAPSHOT
