<project xmlns="http://maven.apache.org/POM/4.0.0"
  xmlns:xsi="http://www.w3.org/2001/XMLSchema-instance"
  xsi:schemaLocation="http://maven.apache.org/POM/4.0.0 http://maven.apache.org/xsd/maven-4.0.0.xsd">
  <modelVersion>4.0.0</modelVersion>
  <groupId>com.google.api.grpc</groupId>
  <artifactId>grpc-google-cloud-foo-v1</artifactId>
  <version>0.1.1-SNAPSHOT</version><!-- {x-version-update:grpc-google-cloud-foo-v1:current} -->
  <name>grpc-google-cloud-foo-v1</name>
  <description>GRPC library for google-cloud-foo</description>
  <parent>
    <groupId>com.google.cloud</groupId>
    <artifactId>google-cloud-foo-parent</artifactId>
    <version>0.1.1-SNAPSHOT</version><!-- {x-version-update:google-cloud-foo:current} -->
  </parent>
  <dependencies>
    <dependency>
      <groupId>io.grpc</groupId>
      <artifactId>grpc-api</artifactId>
    </dependency>
    <dependency>
      <groupId>io.grpc</groupId>
      <artifactId>grpc-stub</artifactId>
    </dependency>
    <dependency>
      <groupId>io.grpc</groupId>
      <artifactId>grpc-protobuf</artifactId>
    </dependency>
    <dependency>
      <groupId>com.google.protobuf</groupId>
      <artifactId>protobuf-java</artifactId>
    </dependency>
    <dependency>
      <groupId>com.google.api.grpc</groupId>
      <artifactId>proto-google-common-protos</artifactId>
    </dependency>
    <dependency>
      <groupId>com.google.api.grpc</groupId>
      <artifactId>proto-google-cloud-foo-v1</artifactId>
    </dependency>
    <dependency>
      <groupId>com.google.guava</groupId>
      <artifactId>guava</artifactId>
    </dependency>
  </dependencies>

  <profiles>
    <profile>
      <id>java9</id>
      <activation>
        <jdk>[9,)</jdk>
      </activation>
      <dependencies>
        <dependency>
          <groupId>javax.annotation</groupId>
          <artifactId>javax.annotation-api</artifactId>
        </dependency>
      </dependencies>
    </profile>
  </profiles>

  <build>
    <plugins>
      <plugin>
          <groupId>org.codehaus.mojo</groupId>
          <artifactId>flatten-maven-plugin</artifactId>
        </plugin>
    </plugins>
  </build>
</project>